// Jest Snapshot v1, https://goo.gl/fbAQLP

exports[`All should fail nested 1`] = `
Array [
  Object {
    "errors": Array [
      Object {
        "errors": Array [
          Object {
            "errors": Array [
              Object {
                "label": "item",
                "message": "item does not match any of the allowed types",
                "position": 1,
                "type": "array.itemInvalid",
              },
              Object {
                "label": "item",
                "message": "item does not match any of the allowed types",
                "position": 2,
                "type": "array.itemInvalid",
              },
            ],
            "label": "nested2",
            "message": "nested2 contains forbidden items",
            "type": "array.oneOf",
          },
        ],
        "label": "item",
        "message": "item has not a valid schema",
        "position": 0,
        "type": "object.schema",
      },
    ],
    "label": "nested",
    "message": "nested contains forbidden items",
    "type": "array.oneOf",
  },
]
`;
